// Jest Snapshot v1, https://goo.gl/fbAQLP

exports[`renders correctly 1`] = `
<div
  className="head"
>
  <h2
    className="title"
  >
    Ticket no: #
  </h2>
  <h3
    className="details"
  >
    Status: 
    <span
      className="details"
      style={
        Object {
          "color": "blue",
          "fontWeight": "bold",
        }
      }
    />
  </h3>
  <h3
    className="details"
  >
    Created On: 
    <span>
      Nov 30, 2021
    </span>
     
  </h3>
  <div
    className="container-fluid"
  >
     
    <div>
      <button
        className="btn btn-primary btn-sm"
        data-for="toolTip1"
        data-tip="Reopen the Ticket"
        disabled={false}
        type="button"
      >
         
         Reopen Ticket
         
      </button>
      <div
        className="__react_component_tooltip t4db53578-1fe7-4ab5-8ac3-54e8f3b24f5d place-top type-dark"
        data-id="tooltip"
        id="toolTip1"
      >
        <style
          aria-hidden="true"
          dangerouslySetInnerHTML={
            Object {
              "__html": "
  	.t4db53578-1fe7-4ab5-8ac3-54e8f3b24f5d {
	    color: #fff;
	    background: #222;
	    border: 1px solid transparent;
  	}

  	.t4db53578-1fe7-4ab5-8ac3-54e8f3b24f5d.place-top {
        margin-top: -10px;
    }
    .t4db53578-1fe7-4ab5-8ac3-54e8f3b24f5d.place-top::before {
        border-top: 8px solid transparent;
    }
    .t4db53578-1fe7-4ab5-8ac3-54e8f3b24f5d.place-top::after {
        border-left: 8px solid transparent;
        border-right: 8px solid transparent;
        bottom: -6px;
        left: 50%;
        margin-left: -8px;
        border-top-color: #222;
        border-top-style: solid;
        border-top-width: 6px;
    }

    .t4db53578-1fe7-4ab5-8ac3-54e8f3b24f5d.place-bottom {
        margin-top: 10px;
    }
    .t4db53578-1fe7-4ab5-8ac3-54e8f3b24f5d.place-bottom::before {
        border-bottom: 8px solid transparent;
    }
    .t4db53578-1fe7-4ab5-8ac3-54e8f3b24f5d.place-bottom::after {
        border-left: 8px solid transparent;
        border-right: 8px solid transparent;
        top: -6px;
        left: 50%;
        margin-left: -8px;
        border-bottom-color: #222;
        border-bottom-style: solid;
        border-bottom-width: 6px;
    }

    .t4db53578-1fe7-4ab5-8ac3-54e8f3b24f5d.place-left {
        margin-left: -10px;
    }
    .t4db53578-1fe7-4ab5-8ac3-54e8f3b24f5d.place-left::before {
        border-left: 8px solid transparent;
    }
    .t4db53578-1fe7-4ab5-8ac3-54e8f3b24f5d.place-left::after {
        border-top: 5px solid transparent;
        border-bottom: 5px solid transparent;
        right: -6px;
        top: 50%;
        margin-top: -4px;
        border-left-color: #222;
        border-left-style: solid;
        border-left-width: 6px;
    }

    .t4db53578-1fe7-4ab5-8ac3-54e8f3b24f5d.place-right {
        margin-left: 10px;
    }
    .t4db53578-1fe7-4ab5-8ac3-54e8f3b24f5d.place-right::before {
        border-right: 8px solid transparent;
    }
    .t4db53578-1fe7-4ab5-8ac3-54e8f3b24f5d.place-right::after {
        border-top: 5px solid transparent;
        border-bottom: 5px solid transparent;
        left: -6px;
        top: 50%;
        margin-top: -4px;
        border-right-color: #222;
        border-right-style: solid;
        border-right-width: 6px;
    }
  ",
            }
          }
        />
      </div>
    </div>
     
  </div>
</div>
`;
